// Vitest Snapshot v1, https://vitest.dev/guide/snapshot.html

exports[`System Active 1`] = `"<div class="w-[660px]"><div class="flex shrink-0 items-stretch gap-0.5 overflow-x-auto border-border/50 border-b px-2"></div></div>"`;

exports[`Untracked Active 1`] = `"<div class="w-[660px]"><div class="flex shrink-0 items-stretch gap-0.5 overflow-x-auto border-border/50 border-b px-2"></div></div>"`;
