// Vitest Snapshot v1, https://vitest.dev/guide/snapshot.html

exports[`New Json File 1`] = `"<div class="w-[560px]"><section data-testid="monaco-file-view" style="display: flex; position: relative; text-align: initial; width: 100%; height: 100px;"><div data-keybinding-context="N" data-mode-id="json" style="width: 100%;"><div class="monaco-editor" role="code" data-uri="inmemory://model/N" style="width: MONACO; height: MONACO;"><div data-slot="monaco-editor-placeholder"></div></div></div></section></div>"`;

exports[`New Nix File 1`] = `"<div class="w-[560px]"><section data-testid="monaco-file-view" style="display: flex; position: relative; text-align: initial; width: 100%; height: 133px;"><div data-keybinding-context="N" data-mode-id="nix" style="width: 100%;"><div class="monaco-editor" role="code" data-uri="inmemory://model/N" style="width: MONACO; height: MONACO;"><div data-slot="monaco-editor-placeholder"></div></div></div></section></div>"`;
