// Vitest Snapshot v1, https://vitest.dev/guide/snapshot.html

exports[`Additions Only 1`] = `"<span class="inline-flex w-fit shrink-0 items-center justify-center gap-1 overflow-hidden whitespace-nowrap border px-2 py-0.5 font-medium focus-visible:border-ring focus-visible:ring-[3px] focus-visible:ring-ring/50 aria-invalid:border-destructive aria-invalid:ring-destructive/20 dark:aria-invalid:ring-destructive/40 [&amp;&gt;svg]:pointer-events-none [&amp;&gt;svg]:size-3 border-transparent bg-secondary [a&amp;]:hover:bg-secondary/90 max-w-[140px] cursor-pointer truncate rounded-full border-none font-mono text-[10px] text-[#888] tracking-wide transition-all hover:brightness-110" data-slot="badge" title="+3">+3</span>"`;

exports[`Deletions Only 1`] = `"<span class="inline-flex w-fit shrink-0 items-center justify-center gap-1 overflow-hidden whitespace-nowrap border px-2 py-0.5 font-medium focus-visible:border-ring focus-visible:ring-[3px] focus-visible:ring-ring/50 aria-invalid:border-destructive aria-invalid:ring-destructive/20 dark:aria-invalid:ring-destructive/40 [&amp;&gt;svg]:pointer-events-none [&amp;&gt;svg]:size-3 border-transparent bg-secondary [a&amp;]:hover:bg-secondary/90 max-w-[140px] cursor-pointer truncate rounded-full border-none font-mono text-[10px] text-[#888] tracking-wide transition-all hover:brightness-110" data-slot="badge" title="-3">-3</span>"`;

exports[`Mixed 1`] = `"<span class="inline-flex w-fit shrink-0 items-center justify-center gap-1 overflow-hidden whitespace-nowrap border px-2 py-0.5 font-medium focus-visible:border-ring focus-visible:ring-[3px] focus-visible:ring-ring/50 aria-invalid:border-destructive aria-invalid:ring-destructive/20 dark:aria-invalid:ring-destructive/40 [&amp;&gt;svg]:pointer-events-none [&amp;&gt;svg]:size-3 border-transparent bg-secondary [a&amp;]:hover:bg-secondary/90 max-w-[140px] cursor-pointer truncate rounded-full border-none font-mono text-[10px] text-[#888] tracking-wide transition-all hover:brightness-110" data-slot="badge" title="+2 -1">+2 -1</span>"`;

exports[`With Summary Title 1`] = `"<span class="inline-flex w-fit shrink-0 items-center justify-center gap-1 overflow-hidden whitespace-nowrap border px-2 py-0.5 font-medium focus-visible:border-ring focus-visible:ring-[3px] focus-visible:ring-ring/50 aria-invalid:border-destructive aria-invalid:ring-destructive/20 dark:aria-invalid:ring-destructive/40 [&amp;&gt;svg]:pointer-events-none [&amp;&gt;svg]:size-3 border-transparent bg-secondary [a&amp;]:hover:bg-secondary/90 max-w-[140px] cursor-pointer truncate rounded-full border-none font-mono text-[10px] text-[#888] tracking-wide transition-all hover:brightness-110" data-slot="badge" title="Add vim and git">Add vim and git</span>"`;
