// Vitest Snapshot v1, https://vitest.dev/guide/snapshot.html

exports[`Additions Only 1`] = `"<span class="inline-flex w-fit shrink-0 items-center justify-center gap-1 overflow-hidden whitespace-nowrap border px-2 py-0.5 font-medium focus-visible:border-ring focus-visible:ring-[3px] focus-visible:ring-ring/50 aria-invalid:border-destructive aria-invalid:ring-destructive/20 dark:aria-invalid:ring-destructive/40 [&amp;&gt;svg]:pointer-events-none [&amp;&gt;svg]:size-3 border-transparent bg-secondary [a&amp;]:hover:bg-secondary/90 max-w-[140px] cursor-pointer truncate rounded-full border-none font-mono text-[10px] text-[#888] tracking-wide transition-all hover:brightness-110 ml-auto" data-slot="badge" title="3 additions, 0 deletions"><span class="inline-flex shrink-0 items-center gap-1 font-mono text-[10px] leading-none" title="3 additions, 0 deletions"><span class="font-semibold text-emerald-400">+3</span></span></span>"`;

exports[`Deletions Only 1`] = `"<span class="inline-flex w-fit shrink-0 items-center justify-center gap-1 overflow-hidden whitespace-nowrap border px-2 py-0.5 font-medium focus-visible:border-ring focus-visible:ring-[3px] focus-visible:ring-ring/50 aria-invalid:border-destructive aria-invalid:ring-destructive/20 dark:aria-invalid:ring-destructive/40 [&amp;&gt;svg]:pointer-events-none [&amp;&gt;svg]:size-3 border-transparent bg-secondary [a&amp;]:hover:bg-secondary/90 max-w-[140px] cursor-pointer truncate rounded-full border-none font-mono text-[10px] text-[#888] tracking-wide transition-all hover:brightness-110 ml-auto" data-slot="badge" title="0 additions, 3 deletions"><span class="inline-flex shrink-0 items-center gap-1 font-mono text-[10px] leading-none" title="0 additions, 3 deletions"><span class="font-semibold text-red-400">-3</span></span></span>"`;

exports[`Mixed 1`] = `"<span class="inline-flex w-fit shrink-0 items-center justify-center gap-1 overflow-hidden whitespace-nowrap border px-2 py-0.5 font-medium focus-visible:border-ring focus-visible:ring-[3px] focus-visible:ring-ring/50 aria-invalid:border-destructive aria-invalid:ring-destructive/20 dark:aria-invalid:ring-destructive/40 [&amp;&gt;svg]:pointer-events-none [&amp;&gt;svg]:size-3 border-transparent bg-secondary [a&amp;]:hover:bg-secondary/90 max-w-[140px] cursor-pointer truncate rounded-full border-none font-mono text-[10px] text-[#888] tracking-wide transition-all hover:brightness-110 ml-auto" data-slot="badge" title="2 additions, 1 deletions"><span class="inline-flex shrink-0 items-center gap-1 font-mono text-[10px] leading-none" title="2 additions, 1 deletions"><span class="font-semibold text-emerald-400">+2</span><span class="font-semibold text-red-400">-1</span></span></span>"`;

exports[`With Summary Title 1`] = `"<span class="inline-flex w-fit shrink-0 items-center justify-center gap-1 overflow-hidden whitespace-nowrap border px-2 py-0.5 font-medium focus-visible:border-ring focus-visible:ring-[3px] focus-visible:ring-ring/50 aria-invalid:border-destructive aria-invalid:ring-destructive/20 dark:aria-invalid:ring-destructive/40 [&amp;&gt;svg]:pointer-events-none [&amp;&gt;svg]:size-3 border-transparent bg-secondary [a&amp;]:hover:bg-secondary/90 max-w-[140px] cursor-pointer truncate rounded-full border-none font-mono text-[10px] text-[#888] tracking-wide transition-all hover:brightness-110 ml-auto" data-slot="badge" title="Add vim and git">Add vim and git</span>"`;
