// Vitest Snapshot v1, https://vitest.dev/guide/snapshot.html

exports[`Default 1`] = `"<div class="fixed right-4 bottom-4 z-[100]"><button class="relative inline-flex h-12 overflow-hidden rounded-full p-[1px] focus:outline-none focus:ring-2 focus:ring-slate-400 focus:ring-offset-2 focus:ring-offset-slate-50" type="button"><span class="absolute inset-[-35%] animate-[spin_3s_linear_infinite] bg-[conic-gradient(from_90deg_at_50%_50%,#E2CBFF_0%,#393BB2_50%,#E2CBFF_100%)]"></span><span class="inline-flex h-full w-full cursor-pointer items-center justify-center gap-3 rounded-full bg-slate-950 px-5 py-1 font-medium text-sm text-white backdrop-blur-3xl"></span></button></div>"`;

exports[`Empty Message 1`] = `"<div class="fixed right-4 bottom-4 z-[100]"><button class="relative inline-flex h-12 overflow-hidden rounded-full p-[1px] focus:outline-none focus:ring-2 focus:ring-slate-400 focus:ring-offset-2 focus:ring-offset-slate-50" type="button"><span class="absolute inset-[-35%] animate-[spin_3s_linear_infinite] bg-[conic-gradient(from_90deg_at_50%_50%,#E2CBFF_0%,#393BB2_50%,#E2CBFF_100%)]"></span><span class="inline-flex h-full w-full cursor-pointer items-center justify-center gap-3 rounded-full bg-slate-950 px-5 py-1 font-medium text-sm text-white backdrop-blur-3xl"></span></button></div>"`;

exports[`Hidden 1`] = `"<div class="fixed right-4 bottom-4 z-[100]"><button class="relative inline-flex h-12 overflow-hidden rounded-full p-[1px] focus:outline-none focus:ring-2 focus:ring-slate-400 focus:ring-offset-2 focus:ring-offset-slate-50" type="button"><span class="absolute inset-[-35%] animate-[spin_3s_linear_infinite] bg-[conic-gradient(from_90deg_at_50%_50%,#E2CBFF_0%,#393BB2_50%,#E2CBFF_100%)]"></span><span class="inline-flex h-full w-full cursor-pointer items-center justify-center gap-3 rounded-full bg-slate-950 px-5 py-1 font-medium text-sm text-white backdrop-blur-3xl"></span></button></div>"`;

exports[`Loading 1`] = `"<div class="fixed right-4 bottom-4 z-[100]"><button class="relative inline-flex h-12 overflow-hidden rounded-full p-[1px] focus:outline-none focus:ring-2 focus:ring-slate-400 focus:ring-offset-2 focus:ring-offset-slate-50" type="button"><span class="absolute inset-[-35%] animate-[spin_3s_linear_infinite] bg-[conic-gradient(from_90deg_at_50%_50%,#E2CBFF_0%,#393BB2_50%,#E2CBFF_100%)]"></span><span class="inline-flex h-full w-full cursor-pointer items-center justify-center gap-3 rounded-full bg-slate-950 px-5 py-1 font-medium text-sm text-white backdrop-blur-3xl"></span></button></div>"`;

exports[`Long Summary 1`] = `"<div class="fixed right-4 bottom-4 z-[100]"><button class="relative inline-flex h-12 overflow-hidden rounded-full p-[1px] focus:outline-none focus:ring-2 focus:ring-slate-400 focus:ring-offset-2 focus:ring-offset-slate-50" type="button"><span class="absolute inset-[-35%] animate-[spin_3s_linear_infinite] bg-[conic-gradient(from_90deg_at_50%_50%,#E2CBFF_0%,#393BB2_50%,#E2CBFF_100%)]"></span><span class="inline-flex h-full w-full cursor-pointer items-center justify-center gap-3 rounded-full bg-slate-950 px-5 py-1 font-medium text-sm text-white backdrop-blur-3xl"></span></button></div>"`;

exports[`Many Files 1`] = `"<div class="fixed right-4 bottom-4 z-[100]"><button class="relative inline-flex h-12 overflow-hidden rounded-full p-[1px] focus:outline-none focus:ring-2 focus:ring-slate-400 focus:ring-offset-2 focus:ring-offset-slate-50" type="button"><span class="absolute inset-[-35%] animate-[spin_3s_linear_infinite] bg-[conic-gradient(from_90deg_at_50%_50%,#E2CBFF_0%,#393BB2_50%,#E2CBFF_100%)]"></span><span class="inline-flex h-full w-full cursor-pointer items-center justify-center gap-3 rounded-full bg-slate-950 px-5 py-1 font-medium text-sm text-white backdrop-blur-3xl"></span></button></div>"`;

exports[`Single File 1`] = `"<div class="fixed right-4 bottom-4 z-[100]"><button class="relative inline-flex h-12 overflow-hidden rounded-full p-[1px] focus:outline-none focus:ring-2 focus:ring-slate-400 focus:ring-offset-2 focus:ring-offset-slate-50" type="button"><span class="absolute inset-[-35%] animate-[spin_3s_linear_infinite] bg-[conic-gradient(from_90deg_at_50%_50%,#E2CBFF_0%,#393BB2_50%,#E2CBFF_100%)]"></span><span class="inline-flex h-full w-full cursor-pointer items-center justify-center gap-3 rounded-full bg-slate-950 px-5 py-1 font-medium text-sm text-white backdrop-blur-3xl"></span></button></div>"`;
