// Vitest Snapshot v1, https://vitest.dev/guide/snapshot.html

exports[`Configuration Nix 1`] = `"<div class="h-[500px] w-[700px] overflow-hidden rounded-lg border border-border bg-background"><div class="relative flex flex-1 flex-col overflow-hidden" data-slot="nix-editor"><div data-slot="nix-editor-placeholder"></div></div></div>"`;

exports[`Flake Nix 1`] = `"<div class="h-[500px] w-[700px] overflow-hidden rounded-lg border border-border bg-background"><div class="relative flex flex-1 flex-col overflow-hidden" data-slot="nix-editor"><div data-slot="nix-editor-placeholder"></div></div></div>"`;

exports[`Unknown File 1`] = `"<div class="h-[500px] w-[700px] overflow-hidden rounded-lg border border-border bg-background"><div class="relative flex flex-1 flex-col overflow-hidden" data-slot="nix-editor"><div data-slot="nix-editor-placeholder"></div></div></div>"`;

